/home/ullmann/Documents/research/game-engine-analyser/tests/testproject/Student-Record-Management-System/adminFunction.h,Windows.h
/home/ullmann/Documents/research/game-engine-analyser/tests/testproject/Student-Record-Management-System/adminFunction.h,stdc\+\+.h
/home/ullmann/Documents/research/game-engine-analyser/tests/testproject/Bank-Management/DSAproject/BST_Tree.h,stdio.h
/home/ullmann/Documents/research/game-engine-analyser/tests/testproject/Student-Record-Management-System/adminFunction.h,stdlib.h
/home/ullmann/Documents/research/game-engine-analyser/tests/testproject/Bank-Management/DSAproject/main.cpp,string.h
