attribute,value
engine name,testproject
analysis started at,01 Apr 2023 11:26:08
report generated at,01 Apr 2023 11:26:09
resolved on 1st pass,23
resolved on 2nd pass,0
unresolved,5
total includes,28
percentage of unresolved,17.86
